v:0x00,d_drv:0x00,cs0_drv:0x00,hv:0x00,d_drv:0x00,cs0_drv:0x00,hv:0x00,d_drv:0x00,cs0_drv:0x00,hv:0x00,d_drv:0x00,cs0_drv:0x00,hv:0x00,d_drv:0x00,cs0_drv:0x00,hv:0x00,d_drv:0x00,cs0_drv:0x00,hv:0x00,d_drv:0x00,cs0_drv:0x00,hv:0x00,d_drv:0x00,cs0_drv:0x00,hv:0x00,d_drv:0x00,cs0_drv:0x00,hv:0x00,d_drv:0x00,cs0_drv:0x00,hv:0x00,d_drv:0x00,cs0_drv:0x00,hv:0x00,d_drv:0x00,cs0_drv:0x00,hv:0x00,d_drv:0x00,cs0_drv:0x00,hv:0x00,d_drv:0x00,cs0_drv:0x00,hv:0x00,d_drv:0x00,cs0_drv:0x00,hv:0x00,d_drv:0x00,cs0_drv:0x00,hv:0x00,d_drv:0x00,cs0_drv:0x00,hv:0x00,d_drv:0x00,cs0_drv:0x00,hv:0x00,d_drv:0x00,cs0_drv:0x00,hv:0x00,d_drv:0x00,cs0_drv:0x00,hv:0x00,d_drv:0x00,cs0_drv:0x00,hv:0x00,d_drv:0x00,cs0_drv:0x00,hv:0x00,d_drv:0x00,cs0_drv:0x00,hv:0x00,d_drv:0x00,cs0_drv:0x00,hv:0x00,d_drv:0x00,cs0_drv:0x00,hv:0x00,d_drv:0x00,cs0_drv:0x00,hv:0x00,d_drv:0x00,cs0_drv:0x00,hv:0x00,d_drv:0x00,cs0_drv:0x00,hv:0x00,d_drv:0x00,cs0_drv:0x00,hv:0x00,d_drv:0x00,cs0_drv:0x00,hv:0x00,d_drv:0x00,cs0_drv:0x00,hv:0x00,d_drv:0x00,cs0_drv:0x00,hv:0x00,d_drv:0x00,cs0_drv:0x00,hv:0x00,d_drv:0x00,cs0_drv:0x00,hv:0x00,d_drv:0x00,cs0_drv:0x00,hv:0x00,d_drv:0x00,cs0_drv:0x00,hv:0x00,d_drv:0x00,cs0_drv:0x00,hv:0x00,d_drv:0x00,cs0_drv:0x00,hv:0x00,d_drv:0x00,cs0_drv:0x00,hv:0x00,d_drv:0x00,cs0_drv:0x00,hd_drv:0x00,wp_drv:0x00
mode:DIOd_drv:0x00,wp_drv:0x00
mode:DIOd_drv:0x00,wp_drv:0x00
mode:DIOd_drv:0x00,wp_drv:0x00
mode:DIOd_drv:0x00,wp_drv:0x00
mode:DIOd_drv:0x00,wp_drv:0x00
mode:DIOd_drv:0x00,wp_drv:0x00
mode:DIOd_drv:0x00,wp_drv:0x00
mode:DIOd_drv:0x00,wp_drv:0x00
mode:DIOd_drv:0x00,wp_drv:0x00
mode:DIOd_drv:0x00,wp_drv:0x00
mode:DIOd_drv:0x00,wp_drv:0x00
mode:DIOd_drv:0x00,wp_drv:0x00
mode:DIOd_drv:0x00,wp_drv:0x00
mode:DIOd_drv:0x00,wp_drv:0x00
mode:DIOd_drv:0x00,wp_drv:0x00
mode:DIOd_drv:0x00,wp_drv:0x00
mode:DIOd_drv:0x00,wp_drv:0x00
mode:DIOd_drv:0x00,wp_drv:0x00
mode:DIOd_drv:0x00,wp_drv:0x00
mode:DIOd_drv:0x00,wp_drv:0x00
mode:DIOd_drv:0x00,wp_drv:0x00
mode:DIOd_drv:0x00,wp_drv:0x00
mode:DIOd_drv:0x00,wp_drv:0x00
mode:DIOd_drv:0x00,wp_drv:0x00
mode:DIOd_drv:0x00,wp_drv:0x00
mode:DIOd_drv:0x00,wp_drv:0x00
mode:DIOd_drv:0x00,wp_drv:0x00
mode:DIOd_drv:0x00,wp_drv:0x00
mode:DIOd_drv:0x00,wp_drv:0x00
mode:DIOd_drv:0x00,wp_drv:0x00
mode:DIOd_drv:0x00,wp_drv:0x00
mode:DIOd_drv:0x00,wp_drv:0x00
mode:DIOd_drv:0x00,wp_drv:0x00
mode:DIOd_drv:0x00,wp_drv:0x00
mode:DIOd_drv:0x00,wp_drv:0x00
mode:DIOd_drv:0x00,wp_drv:0x00
mode:DIOd_drv:0x00,wp_drv:0x00
mode:DIOd_drv:0x00,wp_drv:0x00
mode:DIOd_drv:0x00,wp_drv:0x00
mode:DIOd_drv:0x00,wp_drv:0x00
mode:DIOd_drv:0x00,wp_drv:0x00
mode:DIOd_drv:0x00,wp_drv:0x00
mode:DIOd_drv:0x00,wp_drv:0x00
mode:DIOd_drv:0x00,wp_drv:0x00
mode:DIOd_drv:0x00,wp_drv:0x00
mode:DIOd_drv:0x00,wp_drv:0x00
mode:DIOd_drv:0x00,wp_drv:0x00
mode:DIOd_drv:0x00,wp_drv:0x00
mode:DIOd_drv:0x00,wp_drv:0x00
mode:DIOd_drv:0x00,wp_drv:0x00
mode:DIOd_drv:0x00,wp_drv:0x00
mode:DIOd_drv:0x00,wp_drv:0x00
mode:DIOd_drv:0x00,wp_drv:0x00
mode:DIOd_drv:0x00,wp_drv:0x00
mode:DIOd_drv:0x00,wp_drv:0x00
mode:DIOd_drv:0x00,wp_drv:0x00
mode:DIOd_drv:0x00,wp_drv:0x00
mode:DIOd_drv:0x00,wp_drv:0x00
mode:DIOd_drv:0x00,wp_drv:0x00
mode:DIOd_drv:0x00,wp_drv:0x00
mode:DIOd_drv:0x00,wp_drv:0x00
mode:DIOd_drv:0x00,wp_drv:0x00
mode:DIOd_drv:0x00,wp_drv:0x00
mode:DIOd_drv:0x00,wp_drv:0x00
mode:DIOd_drv:0x00,wp_drv:0x00
mode:DIOd_drv:0x00,wp_drv:0x00
mode:DIOd_drv:0x00,wp_drv:0x00
mode:DIOd_drv:0x00,wp_drv:0x00
mode:DIO, clock div:2
load:0x3fff0030,l, clock div:2
load:0x3fff0030,l, clock div:2
load:0x3fff0030,l, clock div:2
load:0x3fff0030,l, clock div:2
load:0x3fff0030,l, clock div:2
load:0x3fff0030,l, clock div:2
load:0x3fff0030,l, clock div:2
load:0x3fff0030,l, clock div:2
load:0x3fff0030,l, clock div:2
load:0x3fff0030,l, clock div:2
load:0x3fff0030,l, clock div:2
load:0x3fff0030,l, clock div:2
load:0x3fff0030,l, clock div:2
load:0x3fff0030,l, clock div:2
load:0x3fff0030,l, clock div:2
load:0x3fff0030,l, clock div:2
load:0x3fff0030,l, clock div:2
load:0x3fff0030,l, clock div:2
load:0x3fff0030,l, clock div:2
load:0x3fff0030,l, clock div:2
load:0x3fff0030,l, clock div:2
load:0x3fff0030,l, clock div:2
load:0x3fff0030,l, clock div:2
load:0x3fff0030,l, clock div:2
load:0x3fff0030,l, clock div:2
load:0x3fff0030,l, clock div:2
load:0x3fff0030,l, clock div:2
load:0x3fff0030,l, clock div:2
load:0x3fff0030,l, clock div:2
load:0x3fff0030,l, clock div:2
load:0x3fff0030,l, clock div:2
load:0x3fff0030,l, clock div:2
load:0x3fff0030,l, clock div:2
load:0x3fff0030,l, clock div:2
load:0x3fff0030,l, clock div:2
load:0x3fff0030,l, clock div:2
load:0x3fff0030,l, clock div:2
load:0x3fff0030,l, clock div:2
load:0x3fff0030,l, clock div:2
load:0x3fff0030,l, clock div:2
load:0x3fff0030,l, clock div:2
load:0x3fff0030,l, clock div:2
load:0x3fff0030,l, clock div:2
load:0x3fff0030,l, clock div:2
load:0x3fff0030,l, clock div:2
load:0x3fff0030,l, clock div:2
load:0x3fff0030,l, clock div:2
load:0x3fff0030,l, clock div:2
load:0x3fff0030,l, clock div:2
load:0x3fff0030,l, clock div:2
load:0x3fff0030,l, clock div:2
load:0x3fff0030,l, clock div:2
load:0x3fff0030,l, clock div:2
load:0x3fff0030,l, clock div:2
load:0x3fff0030,l, clock div:2
load:0x3fff0030,l, clock div:2
load:0x3fff0030,l, clock div:2
load:0x3fff0030,l, clock div:2
load:0x3fff0030,l, clock div:2
load:0x3fff0030,l, clock div:2
load:0x3fff0030,l, clock div:2
load:0x3fff0030,l, clock div:2
load:0x3fff0030,l, clock div:2
load:0x3fff0030,l, clock div:2
arena_alloc_bytes = 49152  (largest_free_internal = 110592)
arena_used_bytes = 8488   (-> Peak RAM kB = 8.3)
LIVE: connecting to AP "<REDACTED_SSID>" ...
I (676) wifi:wifi driver task: 3ffdf570, prio:23, stack:6656, core=0
I (693) wifi:wifi firmware version: b2f1f86
I (693) wifi:wifi certification version: v7.0
I (693) wifi:config NVS flash: enabled
I (693) wifi:config nano formating: disabled
I (697) wifi:Init data frame dynamic rx buffer num: 32
I (702) wifi:Init management frame dynamic rx buffer num: 32
I (707) wifi:Init management short buffer num: 32
I (712) wifi:Init dynamic tx buffer num: 32
I (716) wifi:Init static rx buffer size: 2212
I (720) wifi:Init static rx buffer num: 10
I (724) wifi:Init dynamic rx buffer num: 32
I (766) wifi:Set ps type: 0
I (869) wifi:mode : sta (e8:6b:ea:df:b4:bc)
I (870) wifi:enable tsf
I (883) wifi:new:<9,2>, old:<1,0>, ap:<255,255>, sta:<9,2>, prof:6
I (885) wifi:state: init -> auth (b0)
I (888) wifi:state: auth -> assoc (0)
I (893) wifi:state: assoc -> run (10)
I (905) wifi:connected with <REDACTED_SSID>, aid = <n>, channel 9, 40D, bssid = <REDACTED_BSSID>
I (905) wifi:security: WPA2-PSK, phy: bgn, rssi: -38
I (910) wifi:pm start, type: 0
I (911) wifi:AP's beacon interval = 102400 us, DTIM period = 1
I (1666) wifi:<ba-add>idx:0 (ifx:0, <REDACTED_BSSID>), tid:0, ssn:4, winSize:64
LIVE: got IP, gateway=192.168.1.1
LIVE: csi_config=0 csi_rx_cb=0 csi_enable=0 (0=OK; if !=0, CONFIG_ESP_WIFI_CSI_ENABLED is off)
LIVE: CSI on, T=64 F=52, running 30 min. cols: t_s pkts used loss_pct win lat_ms thr_wps heap_free largest_blk pred
I (4250) wifi:<ba-add>idx:1 (ifx:0, <REDACTED_BSSID>), tid:6, ssn:0, winSize:64
LIVE 2.5 259 259 0.00 4 36.5 1.58 140388 94208 3
LIVE 5.1 515 515 0.00 8 36.0 1.58 140388 94208 6
LIVE 7.6 771 771 0.00 12 35.9 1.58 140388 94208 3
LIVE 10.1 1027 1027 0.00 16 35.9 1.58 140144 94208 3
LIVE 12.7 1284 1284 0.00 20 35.9 1.58 140388 94208 3
LIVE 15.2 1539 1539 0.00 24 36.0 1.58 140388 94208 3
LIVE 17.7 1797 1797 0.00 28 36.1 1.58 140388 94208 3
LIVE 20.3 2052 2052 0.00 32 36.1 1.58 140388 94208 3
LIVE 22.8 2307 2307 0.00 36 36.1 1.58 140144 94208 3
LIVE 25.4 2564 2564 0.00 40 36.1 1.58 140388 94208 6
LIVE 27.9 2820 2820 0.00 44 36.2 1.58 140388 94208 3
LIVE 30.5 3075 3075 0.00 48 36.2 1.58 140388 94208 6
LIVE 33.0 3331 3331 0.00 52 36.2 1.57 140144 94208 3
LIVE 35.2 3527 3527 0.00 55 36.2 1.56 140144 94208 6
LIVE 37.5 3781 3781 0.00 59 36.5 1.57 140144 94208 6
LIVE 40.0 4035 4035 0.00 63 36.4 1.57 140388 94208 3
LIVE 42.6 4289 4289 0.00 67 36.3 1.57 140388 94208 3
LIVE 45.1 4548 4548 0.00 71 36.4 1.57 140388 94208 6
LIVE 47.7 4803 4803 0.00 75 36.3 1.57 140144 94208 3
LIVE 50.3 5059 5059 0.00 79 36.3 1.57 140388 94208 3
LIVE 52.8 5318 5318 0.00 83 36.3 1.57 140388 94208 3
LIVE 55.3 5571 5571 0.00 87 36.2 1.57 140388 94208 3
LIVE 57.5 5770 5770 0.00 90 36.3 1.57 140388 94208 3
LIVE 59.8 6019 6019 0.00 94 36.3 1.57 140388 94208 3
LIVE 62.3 6275 6275 0.00 98 36.2 1.57 140388 94208 3
LIVE 64.9 6533 6533 0.00 102 36.2 1.57 140144 94208 6
LIVE 67.4 6787 6787 0.00 106 36.2 1.57 140388 90112 3
LIVE 70.0 7043 7043 0.00 110 36.2 1.57 140388 94208 6
LIVE 72.6 7300 7300 0.00 114 36.2 1.57 140388 94208 3
LIVE 75.1 7554 7554 0.00 118 36.2 1.57 140144 94208 3
LIVE 77.6 7811 7811 0.00 122 36.2 1.57 140388 94208 3
LIVE 80.2 8066 8066 0.00 126 36.2 1.57 140144 94208 3
LIVE 82.8 8326 8326 0.00 130 36.2 1.57 140388 94208 3
LIVE 85.3 8579 8579 0.00 134 36.2 1.57 140388 90112 3
LIVE 87.8 8835 8835 0.00 138 36.3 1.57 140144 94208 3
LIVE 90.3 9091 9091 0.00 142 36.3 1.57 140388 94208 3
LIVE 92.9 9347 9347 0.00 146 36.3 1.57 140388 94208 6
LIVE 95.4 9603 9603 0.00 150 36.3 1.57 140388 94208 3
LIVE 98.0 9860 9860 0.00 154 36.4 1.57 140388 94208 6
LIVE 100.5 10115 10115 0.00 158 36.4 1.57 140388 94208 3
LIVE 103.0 10371 10371 0.00 162 36.4 1.57 140388 94208 3
LIVE 105.6 10626 10626 0.00 166 36.4 1.57 140388 94208 6
LIVE 107.6 10827 10827 0.00 169 36.5 1.57 140144 94208 3
LIVE 110.1 11077 11077 0.00 173 36.6 1.57 140388 94208 3
LIVE 112.6 11331 11331 0.00 177 36.6 1.57 140388 94208 3
LIVE 115.3 11590 11590 0.00 181 36.6 1.57 140388 94208 3
LIVE 117.8 11843 11843 0.00 185 36.6 1.57 140144 94208 3
LIVE 120.2 12099 12099 0.00 189 36.6 1.57 140388 94208 3
LIVE 122.8 12355 12355 0.00 193 36.6 1.57 140388 94208 6
LIVE 125.3 12611 12611 0.00 197 36.6 1.57 140388 94208 6
LIVE 127.9 12867 12867 0.00 201 36.6 1.57 140388 94208 6
LIVE 130.4 13123 13123 0.00 205 36.6 1.57 140388 94208 6
LIVE 133.0 13379 13379 0.00 209 36.5 1.57 140388 94208 3
LIVE 135.6 13635 13635 0.00 213 36.5 1.57 140388 94208 3
LIVE 138.0 13891 13891 0.00 217 36.6 1.57 140388 94208 3
LIVE 140.5 14147 14147 0.00 221 36.6 1.57 140388 94208 3
LIVE 143.1 14404 14404 0.00 225 36.6 1.57 140388 94208 3
LIVE 145.6 14659 14659 0.00 229 36.6 1.57 140388 94208 3
LIVE 148.1 14915 14915 0.00 233 36.6 1.57 140388 94208 6
LIVE 150.7 15172 15172 0.00 237 36.6 1.57 140388 94208 6
LIVE 153.2 15427 15427 0.00 241 36.6 1.57 140388 94208 3
LIVE 155.8 15683 15683 0.00 245 36.6 1.57 140388 94208 3
LIVE 158.4 15939 15939 0.00 249 36.6 1.57 140388 94208 6
LIVE 160.9 16195 16195 0.00 253 36.6 1.57 140144 94208 3
LIVE 163.5 16451 16451 0.00 257 36.6 1.57 140388 94208 6
LIVE 166.0 16707 16707 0.00 261 36.5 1.57 140388 94208 3
LIVE 168.6 16963 16963 0.00 265 36.5 1.57 140388 94208 6
LIVE 171.2 17219 17219 0.00 269 36.5 1.57 140388 94208 6
LIVE 173.7 17475 17475 0.00 273 36.5 1.57 140144 94208 6
LIVE 176.3 17731 17731 0.00 277 36.5 1.57 140388 94208 6
LIVE 178.8 17988 17988 0.00 281 36.5 1.57 140388 94208 6
LIVE 181.4 18241 18241 0.00 285 36.6 1.57 140144 94208 3
LIVE 183.9 18499 18499 0.00 289 36.6 1.57 140388 94208 3
LIVE 186.5 18755 18755 0.00 293 36.6 1.57 140388 94208 6
LIVE 189.1 19011 19011 0.00 297 36.5 1.57 140388 94208 3
LIVE 192.2 19209 19209 0.00 300 36.6 1.56 140144 94208 3
LIVE 194.4 19535 19535 0.00 305 36.8 1.57 140144 94208 3
LIVE 196.8 19779 19779 0.00 309 36.8 1.57 140144 94208 6
LIVE 199.3 20035 20035 0.00 313 36.8 1.57 140388 94208 6
LIVE 201.9 20292 20292 0.00 317 36.8 1.57 140388 94208 3
LIVE 204.4 20547 20547 0.00 321 36.8 1.57 140388 94208 3
LIVE 207.0 20803 20803 0.00 325 36.8 1.57 140388 94208 3
LIVE 209.5 21059 21059 0.00 329 36.8 1.57 140388 94208 3
LIVE 212.1 21315 21315 0.00 333 36.8 1.57 140388 94208 6
LIVE 214.6 21571 21571 0.00 337 36.8 1.57 140388 94208 3
LIVE 217.2 21827 21827 0.00 341 36.8 1.57 140388 94208 6
LIVE 219.7 22083 22083 0.00 345 36.7 1.57 140388 94208 3
LIVE 222.3 22339 22339 0.00 349 36.7 1.57 140388 94208 6
LIVE 224.9 22595 22595 0.00 353 36.7 1.57 140388 94208 3
LIVE 227.4 22850 22850 0.00 357 36.7 1.57 140144 94208 3
LIVE 230.0 23108 23108 0.00 361 36.7 1.57 140388 94208 6
LIVE 232.5 23363 23363 0.00 365 36.7 1.57 140144 94208 3
LIVE 235.1 23619 23619 0.00 369 36.7 1.57 140388 94208 6
LIVE 237.7 23876 23876 0.00 373 36.7 1.57 140388 94208 6
LIVE 240.1 24130 24130 0.00 377 36.7 1.57 140152 94208 3
LIVE 242.7 24387 24387 0.00 381 36.7 1.57 140152 94208 3
LIVE 245.2 24643 24643 0.00 385 36.7 1.57 140396 94208 3
LIVE 247.5 24898 24898 0.00 389 36.7 1.57 140152 94208 3
LIVE 250.0 25155 25155 0.00 393 36.7 1.57 140152 94208 3
LIVE 252.5 25410 25410 0.00 397 36.7 1.57 140152 94208 3
LIVE 255.0 25667 25667 0.00 401 36.7 1.57 140396 94208 3
LIVE 257.6 25923 25923 0.00 405 36.7 1.57 140396 94208 3
LIVE 260.1 26179 26179 0.00 409 36.6 1.57 140396 94208 3
LIVE 262.6 26435 26435 0.00 413 36.6 1.57 140396 94208 3
LIVE 265.2 26691 26691 0.00 417 36.6 1.57 140396 94208 3
LIVE 267.7 26947 26947 0.00 421 36.6 1.57 140152 94208 6
LIVE 270.2 27203 27203 0.00 425 36.6 1.57 140396 94208 3
LIVE 272.9 27469 27469 0.00 429 36.7 1.57 140152 94208 3
LIVE 275.3 27715 27715 0.00 433 36.7 1.57 140396 94208 6
LIVE 277.8 27970 27970 0.00 437 36.7 1.57 140152 94208 6
LIVE 280.4 28227 28227 0.00 441 36.7 1.57 140396 94208 6
LIVE 282.9 28488 28488 0.00 445 36.7 1.57 140152 94208 3
LIVE 285.4 28738 28738 0.00 449 36.7 1.57 140152 94208 3
LIVE 287.9 28995 28995 0.00 453 36.7 1.57 140152 94208 3
LIVE 290.5 29253 29253 0.00 457 36.8 1.57 140152 94208 3
LIVE 293.0 29507 29508 0.00 461 36.8 1.57 137912 94208 6
LIVE 295.6 29762 29762 0.00 465 36.8 1.57 140152 94208 3
LIVE 298.1 30019 30019 0.00 469 36.8 1.57 140152 94208 3
LIVE 300.6 30275 30275 0.00 473 36.8 1.57 140144 94208 3
LIVE 303.2 30532 30532 0.00 477 36.8 1.57 140144 94208 6
LIVE 305.7 30786 30786 0.00 481 36.8 1.57 140144 94208 6
LIVE 308.3 31043 31043 0.00 485 36.8 1.57 140388 94208 6
LIVE 310.8 31299 31299 0.00 489 36.8 1.57 140388 94208 3
LIVE 313.3 31555 31555 0.00 493 36.8 1.57 140388 94208 3
LIVE 315.9 31812 31812 0.00 497 36.8 1.57 140388 94208 3
LIVE 318.5 32067 32067 0.00 501 36.8 1.57 140388 94208 3
LIVE 321.0 32323 32323 0.00 505 36.8 1.57 140388 94208 6
LIVE 323.5 32579 32579 0.00 509 36.8 1.57 140388 94208 3
LIVE 326.1 32835 32835 0.00 513 36.8 1.57 140388 94208 3
LIVE 328.6 33091 33091 0.00 517 36.8 1.57 140144 94208 6
LIVE 331.2 33347 33347 0.00 521 36.8 1.57 140388 94208 6
LIVE 333.8 33605 33605 0.00 525 36.9 1.57 140144 94208 3
LIVE 336.3 33859 33859 0.00 529 36.9 1.57 140144 94208 3
LIVE 338.8 34116 34116 0.00 533 36.9 1.57 140388 94208 6
LIVE 341.4 34372 34372 0.00 537 36.9 1.57 140388 94208 3
LIVE 343.9 34627 34627 0.00 541 36.9 1.57 140388 94208 6
LIVE 346.5 34883 34883 0.00 545 36.9 1.57 140388 94208 3
LIVE 349.1 35139 35139 0.00 549 36.9 1.57 140144 94208 3
LIVE 351.6 35395 35395 0.00 553 36.9 1.57 140388 94208 6
LIVE 354.2 35650 35650 0.00 557 36.9 1.57 140144 94208 3
LIVE 356.7 35908 35908 0.00 561 36.9 1.57 140388 94208 3
LIVE 359.3 36163 36163 0.00 565 36.9 1.57 140388 94208 3
LIVE 361.9 36420 36420 0.00 569 36.9 1.57 140388 94208 3
LIVE 364.4 36676 36676 0.00 573 36.9 1.57 140144 94208 3
LIVE 367.0 36932 36932 0.00 577 36.9 1.57 140388 94208 3
LIVE 369.5 37188 37188 0.00 581 36.9 1.57 140388 94208 6
LIVE 372.0 37443 37443 0.00 585 36.9 1.57 140144 94208 3
LIVE 374.6 37699 37699 0.00 589 36.9 1.57 140388 94208 3
LIVE 377.1 37953 37953 0.00 593 36.9 1.57 140144 94208 6
LIVE 379.7 38213 38213 0.00 597 36.9 1.57 140388 94208 3
LIVE 382.2 38467 38467 0.00 601 37.0 1.57 140388 94208 3
LIVE 384.8 38723 38723 0.00 605 36.9 1.57 140388 94208 6
LIVE 387.3 38980 38980 0.00 609 37.0 1.57 140388 94208 6
LIVE 389.9 39234 39234 0.00 613 37.0 1.57 140144 94208 6
LIVE 392.4 39492 39492 0.00 617 37.0 1.57 140388 94208 6
LIVE 395.0 39747 39747 0.00 621 37.0 1.57 140388 94208 3
LIVE 397.6 40004 40004 0.00 625 37.0 1.57 140144 94208 3
LIVE 400.1 40259 40259 0.00 629 37.0 1.57 140388 94208 3
LIVE 402.7 40516 40516 0.00 633 37.0 1.57 140388 94208 3
LIVE 405.2 40771 40771 0.00 637 37.0 1.57 140144 94208 6
LIVE 407.8 41027 41027 0.00 641 37.0 1.57 140388 94208 3
LIVE 410.3 41283 41283 0.00 645 37.0 1.57 140388 94208 6
LIVE 412.9 41539 41539 0.00 649 37.0 1.57 140144 94208 3
LIVE 415.5 41795 41795 0.00 653 37.0 1.57 140388 94208 6
LIVE 418.0 42051 42051 0.00 657 37.0 1.57 140388 94208 3
LIVE 420.6 42307 42307 0.00 661 37.0 1.57 140388 94208 3
LIVE 423.1 42562 42562 0.00 665 37.0 1.57 140144 94208 3
LIVE 425.7 42819 42819 0.00 669 37.0 1.57 140144 94208 6
LIVE 428.2 43075 43075 0.00 673 37.0 1.57 140388 94208 3
LIVE 430.8 43331 43331 0.00 677 37.0 1.57 140144 94208 6
LIVE 433.3 43586 43586 0.00 681 37.0 1.57 140144 94208 3
LIVE 435.9 43844 43844 0.00 685 37.0 1.57 140388 94208 6
LIVE 438.5 44100 44100 0.00 689 37.0 1.57 140388 94208 6
LIVE 441.0 44355 44355 0.00 693 37.0 1.57 140388 94208 3
LIVE 443.6 44612 44612 0.00 697 37.0 1.57 140388 94208 3
LIVE 446.1 44867 44867 0.00 701 37.0 1.57 140388 94208 6
LIVE 448.7 45123 45123 0.00 705 37.0 1.57 140388 94208 3
LIVE 451.2 45379 45379 0.00 709 37.0 1.57 140388 94208 3
LIVE 453.8 45635 45635 0.00 713 36.9 1.57 140388 94208 3
LIVE 456.3 45891 45891 0.00 717 36.9 1.57 140388 94208 3
LIVE 458.9 46146 46146 0.00 721 36.9 1.57 140388 94208 3
LIVE 461.5 46403 46403 0.00 725 36.9 1.57 140388 94208 3
LIVE 464.0 46659 46659 0.00 729 36.9 1.57 140388 94208 3
LIVE 466.5 46915 46915 0.00 733 36.9 1.57 140388 94208 6
LIVE 469.1 47171 47171 0.00 737 36.9 1.57 140388 94208 3
LIVE 471.7 47426 47426 0.00 741 36.9 1.57 140144 94208 3
LIVE 474.2 47683 47683 0.00 745 36.9 1.57 140388 94208 6
LIVE 476.8 47939 47939 0.00 749 36.9 1.57 140388 94208 3
LIVE 479.3 48195 48195 0.00 753 36.9 1.57 140388 94208 3
LIVE 481.9 48451 48451 0.00 757 36.9 1.57 140144 94208 3
LIVE 484.5 48707 48707 0.00 761 36.9 1.57 140388 94208 3
LIVE 487.0 48963 48963 0.00 765 36.9 1.57 140388 94208 3
LIVE 489.6 49219 49219 0.00 769 36.9 1.57 140388 94208 6
LIVE 492.1 49475 49475 0.00 773 36.9 1.57 140388 94208 3
LIVE 494.7 49731 49731 0.00 777 36.9 1.57 140388 94208 3
LIVE 497.2 49986 49986 0.00 781 36.8 1.57 140144 94208 6
LIVE 499.7 50243 50243 0.00 785 36.8 1.57 140388 94208 3
LIVE 502.3 50499 50499 0.00 789 36.8 1.57 140388 94208 3
LIVE 504.8 50755 50755 0.00 793 36.8 1.57 140388 94208 6
LIVE 507.4 51012 51012 0.00 797 36.8 1.57 140388 94208 3
LIVE 509.9 51267 51267 0.00 801 36.8 1.57 140388 94208 6
LIVE 512.5 51522 51522 0.00 805 36.8 1.57 140144 94208 3
LIVE 515.0 51779 51779 0.00 809 36.8 1.57 140144 94208 3
LIVE 517.6 52033 52033 0.00 813 36.8 1.57 140144 94208 6
LIVE 520.2 52292 52292 0.00 817 36.8 1.57 140144 94208 3
LIVE 522.7 52547 52547 0.00 821 36.8 1.57 140388 94208 3
LIVE 525.3 52803 52803 0.00 825 36.8 1.57 140144 94208 6
LIVE 527.8 53060 53060 0.00 829 36.8 1.57 140388 94208 3
LIVE 530.4 53315 53315 0.00 833 36.8 1.57 140388 94208 3
LIVE 532.9 53571 53571 0.00 837 36.8 1.57 140388 94208 3
LIVE 535.5 53827 53827 0.00 841 36.8 1.57 140388 94208 3
LIVE 538.1 54083 54083 0.00 845 36.8 1.57 140388 94208 3
LIVE 540.6 54339 54339 0.00 849 36.8 1.57 140388 94208 3
LIVE 543.2 54596 54596 0.00 853 36.8 1.57 140388 94208 3
LIVE 545.7 54851 54851 0.00 857 36.8 1.57 140388 94208 6
LIVE 548.3 55107 55107 0.00 861 36.8 1.57 140388 94208 6
LIVE 550.8 55363 55363 0.00 865 36.8 1.57 140388 94208 3
LIVE 553.4 55619 55619 0.00 869 36.8 1.57 140388 94208 3
LIVE 555.9 55875 55875 0.00 873 36.8 1.57 140388 94208 3
LIVE 558.5 56131 56131 0.00 877 36.8 1.57 140388 94208 3
LIVE 561.1 56387 56387 0.00 881 36.8 1.57 140388 94208 3
LIVE 563.6 56642 56642 0.00 885 36.8 1.57 140144 94208 3
LIVE 566.2 56899 56899 0.00 889 36.8 1.57 140388 94208 3
LIVE 568.8 57156 57156 0.00 893 36.8 1.57 140388 90112 3
LIVE 571.3 57411 57411 0.00 897 36.8 1.57 140388 94208 3
LIVE 573.9 57667 57667 0.00 901 36.8 1.57 140388 94208 6
LIVE 576.4 57924 57924 0.00 905 36.8 1.57 140388 94208 6
LIVE 579.0 58179 58179 0.00 909 36.8 1.57 140388 94208 3
LIVE 581.5 58435 58435 0.00 913 36.8 1.57 140388 94208 3
LIVE 584.1 58691 58691 0.00 917 36.7 1.57 140388 94208 3
LIVE 586.7 58948 58948 0.00 921 36.7 1.57 140388 94208 3
LIVE 589.2 59203 59203 0.00 925 36.7 1.57 140388 94208 6
LIVE 591.8 59459 59459 0.00 929 36.7 1.57 140388 94208 3
LIVE 594.3 59715 59715 0.00 933 36.7 1.57 140388 94208 6
LIVE 596.9 59972 59972 0.00 937 36.7 1.57 140388 94208 3
LIVE 599.4 60227 60227 0.00 941 36.7 1.57 140388 94208 3
LIVE 602.0 60483 60483 0.00 945 36.7 1.57 140388 94208 3
LIVE 604.5 60739 60739 0.00 949 36.7 1.57 140388 94208 6
LIVE 607.1 60995 60995 0.00 953 36.7 1.57 140388 94208 3
LIVE 609.7 61251 61251 0.00 957 36.7 1.57 140388 94208 3
LIVE 612.2 61507 61507 0.00 961 36.7 1.57 140388 94208 3
LIVE 614.8 61764 61764 0.00 965 36.7 1.57 140388 94208 3
LIVE 617.4 62019 62019 0.00 969 36.7 1.57 140144 94208 6
LIVE 619.9 62277 62277 0.00 973 36.7 1.57 140388 94208 6
LIVE 622.4 62531 62531 0.00 977 36.7 1.57 140388 94208 6
LIVE 624.9 62787 62787 0.00 981 36.7 1.57 140388 94208 6
LIVE 627.5 63043 63043 0.00 985 36.7 1.57 140388 94208 3
LIVE 630.0 63299 63300 0.00 989 36.7 1.57 137872 94208 3
LIVE 632.6 63555 63555 0.00 993 36.7 1.57 140388 94208 3
LIVE 635.1 63810 63810 0.00 997 36.7 1.57 140388 94208 3
LIVE 637.7 64067 64067 0.00 1001 36.7 1.57 140388 94208 3
LIVE 640.2 64323 64323 0.00 1005 36.7 1.57 140388 94208 6
LIVE 642.8 64579 64579 0.00 1009 36.7 1.57 140388 94208 6
LIVE 645.3 64835 64835 0.00 1013 36.7 1.57 140388 94208 3
LIVE 647.9 65091 65091 0.00 1017 36.7 1.57 140388 94208 6
LIVE 650.5 65347 65347 0.00 1021 36.7 1.57 140388 94208 6
LIVE 653.0 65603 65603 0.00 1025 36.7 1.57 140388 94208 3
LIVE 655.6 65859 65859 0.00 1029 36.7 1.57 140388 94208 6
LIVE 658.2 66116 66116 0.00 1033 36.7 1.57 140388 94208 3
LIVE 660.7 66371 66371 0.00 1037 36.7 1.57 140388 94208 3
LIVE 663.3 66627 66627 0.00 1041 36.7 1.57 140388 94208 3
LIVE 665.8 66885 66885 0.00 1045 36.7 1.57 140388 94208 6
LIVE 668.4 67139 67139 0.00 1049 36.7 1.57 140144 94208 3
LIVE 670.9 67396 67396 0.00 1053 36.7 1.57 140388 94208 3
LIVE 673.5 67652 67652 0.00 1057 36.7 1.57 140388 94208 3
LIVE 676.0 67907 67907 0.00 1061 36.6 1.57 140388 90112 3
LIVE 678.6 68163 68163 0.00 1065 36.6 1.57 140388 94208 6
LIVE 681.2 68421 68421 0.00 1069 36.6 1.57 140388 94208 6
LIVE 683.4 68623 68623 0.00 1072 36.7 1.57 140144 94208 3
LIVE 685.6 68867 68867 0.00 1076 36.7 1.57 140388 94208 3
LIVE 688.2 69123 69123 0.00 1080 36.7 1.57 140388 94208 6
LIVE 690.8 69379 69379 0.00 1084 36.7 1.57 140388 94208 3
LIVE 693.3 69635 69635 0.00 1088 36.6 1.57 140388 94208 3
LIVE 695.9 69891 69891 0.00 1092 36.6 1.57 140388 94208 6
LIVE 698.4 70147 70147 0.00 1096 36.6 1.57 140388 94208 3
LIVE 701.0 70403 70403 0.00 1100 36.6 1.57 140388 94208 3
LIVE 703.5 70659 70659 0.00 1104 36.6 1.57 140388 94208 6
LIVE 706.1 70915 70915 0.00 1108 36.6 1.57 140388 94208 3
LIVE 708.6 71171 71171 0.00 1112 36.6 1.57 140388 94208 3
LIVE 711.2 71427 71427 0.00 1116 36.6 1.57 140388 94208 6
LIVE 713.7 71683 71683 0.00 1120 36.6 1.57 140388 94208 3
LIVE 716.3 71939 71939 0.00 1124 36.6 1.57 140388 94208 6
LIVE 718.8 72195 72195 0.00 1128 36.6 1.57 140388 94208 3
LIVE 721.4 72451 72451 0.00 1132 36.6 1.57 140388 94208 3
LIVE 724.0 72707 72707 0.00 1136 36.6 1.57 140388 94208 3
LIVE 726.5 72964 72964 0.00 1140 36.6 1.57 140388 94208 3
LIVE 729.1 73219 73219 0.00 1144 36.6 1.57 140388 94208 6
LIVE 731.7 73476 73476 0.00 1148 36.6 1.57 140388 94208 3
LIVE 734.2 73731 73731 0.00 1152 36.6 1.57 140388 94208 6
LIVE 736.8 73987 73987 0.00 1156 36.6 1.57 140388 94208 3
LIVE 739.3 74243 74243 0.00 1160 36.6 1.57 140388 94208 6
LIVE 741.9 74499 74499 0.00 1164 36.6 1.57 140144 94208 6
LIVE 744.4 74754 74754 0.00 1168 36.6 1.57 140144 94208 3
LIVE 747.0 75012 75012 0.00 1172 36.6 1.57 140388 94208 3
LIVE 749.5 75267 75267 0.00 1176 36.6 1.57 140388 94208 3
LIVE 752.0 75523 75523 0.00 1180 36.6 1.57 140388 94208 3
LIVE 754.6 75779 75779 0.00 1184 36.6 1.57 140388 94208 3
LIVE 757.0 76035 76035 0.00 1188 36.6 1.57 140388 94208 6
LIVE 759.6 76291 76292 0.00 1192 36.6 1.57 137912 94208 3
LIVE 762.2 76548 76548 0.00 1196 36.6 1.57 140388 94208 3
LIVE 764.7 76802 76802 0.00 1200 36.6 1.57 140144 94208 3
LIVE 767.3 77060 77060 0.00 1204 36.6 1.57 140388 94208 3
LIVE 769.8 77316 77316 0.00 1208 36.6 1.57 140388 94208 6
LIVE 772.4 77571 77571 0.00 1212 36.6 1.57 140388 94208 3
LIVE 774.9 77827 77827 0.00 1216 36.6 1.57 140388 94208 3
LIVE 777.5 78084 78084 0.00 1220 36.6 1.57 140388 94208 6
LIVE 780.1 78339 78339 0.00 1224 36.6 1.57 140388 94208 3
LIVE 782.6 78595 78595 0.00 1228 36.6 1.57 140388 94208 3
LIVE 785.2 78851 78851 0.00 1232 36.5 1.57 140388 94208 3
LIVE 787.7 79107 79107 0.00 1236 36.5 1.57 140388 94208 3
LIVE 790.3 79363 79363 0.00 1240 36.5 1.57 140388 94208 3
LIVE 792.8 79619 79619 0.00 1244 36.5 1.57 140388 94208 3
LIVE 795.4 79875 79875 0.00 1248 36.5 1.57 140388 94208 3
LIVE 797.9 80130 80130 0.00 1252 36.5 1.57 140144 94208 3
LIVE 800.5 80387 80387 0.00 1256 36.5 1.57 140144 94208 6
LIVE 803.0 80643 80643 0.00 1260 36.5 1.57 140388 94208 3
LIVE 805.5 80899 80899 0.00 1264 36.5 1.57 140388 94208 3
LIVE 807.9 81155 81155 0.00 1268 36.5 1.57 140388 94208 3
LIVE 810.4 81410 81410 0.00 1272 36.5 1.57 140144 94208 6
LIVE 812.9 81668 81668 0.00 1276 36.5 1.57 140388 94208 3
LIVE 815.3 81923 81923 0.00 1280 36.5 1.57 140388 94208 3
LIVE 817.9 82179 82179 0.00 1284 36.5 1.57 140388 94208 3
LIVE 820.4 82435 82435 0.00 1288 36.5 1.57 140388 94208 3
LIVE 822.9 82691 82691 0.00 1292 36.5 1.57 140144 94208 3
LIVE 825.5 82946 82946 0.00 1296 36.5 1.57 140144 94208 6
LIVE 828.1 83205 83205 0.00 1300 36.5 1.57 140388 94208 3
LIVE 830.6 83460 83460 0.00 1304 36.5 1.57 137912 94208 3
LIVE 833.1 83715 83715 0.00 1308 36.5 1.57 140388 94208 3
LIVE 835.6 83972 83972 0.00 1312 36.5 1.57 140388 94208 3
LIVE 838.1 84228 84228 0.00 1316 36.5 1.57 140388 94208 3
LIVE 840.7 84483 84483 0.00 1320 36.5 1.57 140144 94208 6
LIVE 843.2 84739 84739 0.00 1324 36.5 1.57 140144 94208 3
LIVE 845.7 84995 84995 0.00 1328 36.5 1.57 140144 94208 3
LIVE 848.2 85251 85251 0.00 1332 36.5 1.57 140388 94208 3
LIVE 850.8 85507 85507 0.00 1336 36.5 1.57 140388 94208 3
LIVE 853.3 85763 85763 0.00 1340 36.5 1.57 140388 94208 3
LIVE 855.8 86026 86026 0.00 1344 36.5 1.57 140388 94208 3
LIVE 858.2 86275 86275 0.00 1348 36.5 1.57 140388 94208 3
LIVE 860.8 86532 86532 0.00 1352 36.5 1.57 140388 94208 3
LIVE 863.3 86787 86787 0.00 1356 36.5 1.57 140144 94208 3
LIVE 865.9 87043 87043 0.00 1360 36.5 1.57 140144 94208 3
LIVE 868.4 87299 87299 0.00 1364 36.5 1.57 140144 94208 6
LIVE 870.9 87556 87556 0.00 1368 36.5 1.57 140388 94208 3
LIVE 873.4 87810 87810 0.00 1372 36.5 1.57 140144 94208 3
LIVE 875.9 88068 88068 0.00 1376 36.5 1.57 140388 94208 6
LIVE 878.4 88323 88323 0.00 1380 36.5 1.57 140388 94208 3
LIVE 881.0 88579 88579 0.00 1384 36.5 1.57 140144 94208 3
LIVE 883.6 88835 88835 0.00 1388 36.5 1.57 140388 94208 6
LIVE 886.1 89090 89090 0.00 1392 36.5 1.57 140388 94208 3
LIVE 888.7 89346 89346 0.00 1396 36.5 1.57 140144 94208 3
LIVE 891.3 89606 89606 0.00 1400 36.5 1.57 140144 94208 3
LIVE 893.8 89859 89859 0.00 1404 36.5 1.57 140388 94208 3
LIVE 896.3 90115 90115 0.00 1408 36.5 1.57 140144 94208 3
LIVE 898.9 90371 90371 0.00 1412 36.5 1.57 140388 94208 3
LIVE 901.4 90627 90627 0.00 1416 36.5 1.57 140388 94208 6
LIVE 904.0 90883 90883 0.00 1420 36.5 1.57 140388 94208 3
LIVE 906.6 91139 91139 0.00 1424 36.5 1.57 140388 94208 3
LIVE 909.1 91395 91395 0.00 1428 36.5 1.57 140388 94208 6
LIVE 911.7 91651 91651 0.00 1432 36.5 1.57 140388 94208 3
LIVE 914.2 91907 91907 0.00 1436 36.5 1.57 140388 94208 3
LIVE 916.8 92163 92163 0.00 1440 36.5 1.57 140388 94208 3
LIVE 919.3 92419 92419 0.00 1444 36.5 1.57 140388 94208 3
LIVE 921.9 92675 92675 0.00 1448 36.5 1.57 140388 94208 3
LIVE 924.4 92931 92931 0.00 1452 36.5 1.57 140388 94208 3
LIVE 927.0 93187 93187 0.00 1456 36.4 1.57 140388 94208 3
LIVE 929.6 93443 93443 0.00 1460 36.4 1.57 140388 94208 3
LIVE 932.1 93701 93701 0.00 1464 36.4 1.57 140388 94208 3
LIVE 934.6 93955 93955 0.00 1468 36.4 1.57 140388 94208 3
LIVE 937.2 94211 94211 0.00 1472 36.4 1.57 140388 94208 3
LIVE 939.7 94467 94467 0.00 1476 36.4 1.57 140388 94208 3
LIVE 942.3 94723 94723 0.00 1480 36.4 1.57 140388 94208 6
LIVE 944.9 94979 94979 0.00 1484 36.4 1.57 140388 94208 3
LIVE 947.4 95235 95235 0.00 1488 36.4 1.57 140388 94208 3
LIVE 950.0 95489 95489 0.00 1492 36.4 1.57 140144 94208 3
LIVE 952.5 95747 95747 0.00 1496 36.4 1.57 140388 94208 3
LIVE 955.1 96003 96003 0.00 1500 36.4 1.57 140388 94208 3
LIVE 957.7 96259 96259 0.00 1504 36.4 1.57 140144 94208 3
LIVE 960.2 96515 96515 0.00 1508 36.4 1.57 140388 94208 3
LIVE 962.8 96771 96771 0.00 1512 36.4 1.57 140388 94208 3
LIVE 965.3 97027 97027 0.00 1516 36.4 1.57 140388 94208 6
LIVE 967.9 97283 97283 0.00 1520 36.4 1.57 140388 94208 6
LIVE 970.4 97539 97539 0.00 1524 36.4 1.57 140388 94208 3
LIVE 973.0 97795 97795 0.00 1528 36.4 1.57 140388 94208 3
LIVE 975.5 98051 98051 0.00 1532 36.4 1.57 140388 94208 6
LIVE 978.1 98307 98307 0.00 1536 36.4 1.57 140388 94208 3
LIVE 980.6 98563 98563 0.00 1540 36.4 1.57 140388 94208 3
LIVE 983.2 98819 98819 0.00 1544 36.4 1.57 140388 94208 3
LIVE 985.8 99075 99075 0.00 1548 36.4 1.57 140388 94208 3
LIVE 988.3 99331 99331 0.00 1552 36.4 1.57 140388 94208 3
LIVE 990.9 99587 99587 0.00 1556 36.4 1.57 140388 94208 6
LIVE 993.4 99843 99843 0.00 1560 36.4 1.57 140388 94208 3
LIVE 996.0 100100 100100 0.00 1564 36.4 1.57 140388 94208 3
LIVE 998.4 100355 100355 0.00 1568 36.4 1.57 140388 94208 6
LIVE 1001.0 100611 100611 0.00 1572 36.4 1.57 140388 94208 3
LIVE 1003.5 100867 100867 0.00 1576 36.4 1.57 140388 94208 3
LIVE 1006.1 101123 101123 0.00 1580 36.4 1.57 140388 94208 3
LIVE 1008.7 101379 101379 0.00 1584 36.4 1.57 140388 94208 3
LIVE 1011.2 101635 101635 0.00 1588 36.4 1.57 140388 94208 3
LIVE 1013.8 101891 101891 0.00 1592 36.4 1.57 140388 94208 6
LIVE 1016.3 102147 102147 0.00 1596 36.4 1.57 140388 94208 3
LIVE 1018.9 102403 102403 0.00 1600 36.4 1.57 140388 94208 3
LIVE 1021.4 102660 102660 0.00 1604 36.4 1.57 140388 94208 3
LIVE 1024.0 102915 102915 0.00 1608 36.4 1.57 140388 94208 3
LIVE 1026.5 103171 103171 0.00 1612 36.4 1.57 140388 94208 6
LIVE 1029.1 103427 103427 0.00 1616 36.4 1.57 140388 94208 6
LIVE 1031.7 103683 103683 0.00 1620 36.4 1.57 140388 94208 3
LIVE 1034.2 103939 103939 0.00 1624 36.3 1.57 140388 94208 3
LIVE 1036.7 104194 104194 0.00 1628 36.3 1.57 140388 94208 6
LIVE 1039.3 104451 104451 0.00 1632 36.3 1.57 140388 94208 3
LIVE 1041.9 104707 104707 0.00 1636 36.3 1.57 140388 94208 3
LIVE 1044.4 104963 104963 0.00 1640 36.3 1.57 140388 94208 6
LIVE 1047.0 105218 105218 0.00 1644 36.3 1.57 140144 94208 3
LIVE 1049.5 105475 105475 0.00 1648 36.3 1.57 140388 94208 3
LIVE 1052.1 105731 105731 0.00 1652 36.3 1.57 140388 94208 3
LIVE 1054.6 105987 105987 0.00 1656 36.3 1.57 140144 94208 3
LIVE 1057.2 106243 106243 0.00 1660 36.3 1.57 140388 94208 6
LIVE 1059.7 106500 106500 0.00 1664 36.3 1.57 140388 94208 3
LIVE 1062.3 106755 106755 0.00 1668 36.3 1.57 140388 94208 3
LIVE 1064.8 107011 107011 0.00 1672 36.3 1.57 140388 94208 6
LIVE 1067.4 107267 107267 0.00 1676 36.3 1.57 140388 94208 3
LIVE 1070.0 107523 107523 0.00 1680 36.3 1.57 140388 94208 3
LIVE 1072.5 107780 107780 0.00 1684 36.3 1.57 140388 94208 3
LIVE 1075.1 108035 108035 0.00 1688 36.3 1.57 140388 94208 3
LIVE 1077.6 108290 108290 0.00 1692 36.3 1.57 140144 94208 3
LIVE 1080.2 108547 108547 0.00 1696 36.3 1.57 140388 94208 3
LIVE 1082.7 108802 108802 0.00 1700 36.3 1.57 140144 94208 3
LIVE 1085.3 109059 109059 0.00 1704 36.3 1.57 140388 94208 6
LIVE 1087.8 109315 109315 0.00 1708 36.3 1.57 140388 94208 3
LIVE 1090.4 109571 109571 0.00 1712 36.3 1.57 140144 94208 6
LIVE 1092.9 109827 109827 0.00 1716 36.3 1.57 140388 94208 3
LIVE 1095.5 110083 110083 0.00 1720 36.3 1.57 140388 94208 3
LIVE 1098.0 110339 110339 0.00 1724 36.3 1.57 140388 94208 3
LIVE 1100.6 110595 110595 0.00 1728 36.3 1.57 140388 94208 6
LIVE 1103.1 110851 110851 0.00 1732 36.3 1.57 140388 94208 3
LIVE 1105.7 111107 111107 0.00 1736 36.3 1.57 140388 94208 3
LIVE 1108.3 111363 111363 0.00 1740 36.3 1.57 140388 94208 3
LIVE 1110.8 111619 111619 0.00 1744 36.3 1.57 140388 94208 3
LIVE 1113.3 111875 111875 0.00 1748 36.3 1.57 140388 94208 3
LIVE 1115.9 112131 112131 0.00 1752 36.3 1.57 140388 94208 3
LIVE 1118.5 112387 112387 0.00 1756 36.3 1.57 140388 94208 6
LIVE 1121.0 112643 112643 0.00 1760 36.3 1.57 140388 94208 3
LIVE 1123.5 112899 112899 0.00 1764 36.3 1.57 140388 94208 3
LIVE 1126.0 113154 113154 0.00 1768 36.3 1.57 140388 94208 3
LIVE 1128.6 113409 113409 0.00 1772 36.3 1.57 140388 94208 3
LIVE 1131.1 113667 113667 0.00 1776 36.3 1.57 140388 94208 3
LIVE 1133.6 113923 113923 0.00 1780 36.3 1.57 140388 94208 6
LIVE 1138.1 114207 114207 0.00 1784 36.3 1.57 140144 94208 3
LIVE 1140.4 114597 114597 0.00 1790 36.5 1.57 140388 94208 6
LIVE 1142.6 114819 114819 0.00 1794 36.5 1.57 140388 94208 3
LIVE 1145.1 115075 115075 0.00 1798 36.5 1.57 140388 94208 3
LIVE 1147.7 115331 115331 0.00 1802 36.5 1.57 140388 94208 3
LIVE 1150.2 115587 115587 0.00 1806 36.5 1.57 140388 94208 3
LIVE 1152.8 115843 115843 0.00 1810 36.5 1.57 140388 94208 6
LIVE 1155.3 116099 116099 0.00 1814 36.5 1.57 140388 94208 3
LIVE 1157.8 116355 116355 0.00 1818 36.5 1.57 140388 94208 3
LIVE 1160.4 116614 116614 0.00 1822 36.5 1.57 140144 94208 3
LIVE 1163.0 116867 116867 0.00 1826 36.5 1.57 140388 94208 6
LIVE 1165.5 117124 117124 0.00 1830 36.5 1.57 140388 94208 3
LIVE 1168.0 117378 117378 0.00 1834 36.5 1.57 140144 94208 3
LIVE 1170.6 117634 117634 0.00 1838 36.5 1.57 140388 94208 3
LIVE 1173.1 117893 117893 0.00 1842 36.5 1.57 140388 94208 3
LIVE 1175.7 118147 118147 0.00 1846 36.5 1.57 140388 94208 3
LIVE 1178.2 118403 118403 0.00 1850 36.5 1.57 140388 94208 3
LIVE 1180.8 118659 118659 0.00 1854 36.5 1.57 140388 94208 6
LIVE 1183.4 118915 118915 0.00 1858 36.5 1.57 140388 94208 6
LIVE 1185.9 119171 119171 0.00 1862 36.5 1.57 140388 94208 3
LIVE 1188.5 119427 119427 0.00 1866 36.5 1.57 140388 94208 3
LIVE 1191.0 119683 119683 0.00 1870 36.5 1.57 140388 94208 3
LIVE 1193.6 119939 119939 0.00 1874 36.4 1.57 140388 94208 3
LIVE 1196.9 120209 120209 0.00 1878 36.5 1.57 140144 94208 6
LIVE 1199.3 120515 120515 0.00 1883 36.5 1.57 140388 94208 6
LIVE 1201.9 120771 120771 0.00 1887 36.5 1.57 140388 94208 3
LIVE 1204.4 121027 121027 0.00 1891 36.5 1.57 140388 94208 3
LIVE 1207.0 121283 121283 0.00 1895 36.5 1.57 140388 94208 3
LIVE 1209.6 121539 121539 0.00 1899 36.5 1.57 140388 94208 3
LIVE 1212.1 121795 121795 0.00 1903 36.5 1.57 140388 94208 6
LIVE 1214.7 122051 122051 0.00 1907 36.5 1.57 140388 94208 3
LIVE 1217.2 122306 122306 0.00 1911 36.5 1.57 140388 94208 3
LIVE 1219.8 122563 122563 0.00 1915 36.5 1.57 140388 94208 6
LIVE 1222.3 122818 122818 0.00 1919 36.5 1.57 140388 94208 3
LIVE 1224.9 123075 123075 0.00 1923 36.5 1.57 140388 94208 6
LIVE 1227.4 123331 123331 0.00 1927 36.5 1.57 140388 94208 3
LIVE 1230.0 123588 123588 0.00 1931 36.5 1.57 140388 94208 3
LIVE 1232.5 123843 123843 0.00 1935 36.5 1.57 140144 94208 3
LIVE 1235.1 124099 124099 0.00 1939 36.5 1.57 140388 94208 3
LIVE 1237.6 124355 124355 0.00 1943 36.5 1.57 140388 94208 3
LIVE 1240.2 124611 124611 0.00 1947 36.5 1.57 140388 94208 3
LIVE 1242.8 124867 124867 0.00 1951 36.5 1.57 140388 94208 3
LIVE 1245.3 125124 125124 0.00 1955 36.5 1.57 140388 94208 6
LIVE 1247.9 125379 125379 0.00 1959 36.4 1.57 140388 94208 3
LIVE 1250.4 125637 125637 0.00 1963 36.4 1.57 140388 94208 3
LIVE 1252.9 125891 125891 0.00 1967 36.5 1.57 140388 94208 3
LIVE 1255.4 126147 126147 0.00 1971 36.5 1.57 140144 94208 3
LIVE 1258.0 126403 126403 0.00 1975 36.5 1.57 140388 94208 3
LIVE 1260.5 126659 126659 0.00 1979 36.5 1.57 140388 94208 3
LIVE 1263.1 126915 126915 0.00 1983 36.4 1.57 140388 94208 6
LIVE 1265.6 127171 127171 0.00 1987 36.4 1.57 140388 94208 6
LIVE 1268.1 127427 127427 0.00 1991 36.4 1.57 140388 94208 3
LIVE 1270.6 127683 127683 0.00 1995 36.4 1.57 140388 94208 3
LIVE 1273.2 127939 127939 0.00 1999 36.4 1.57 140388 94208 3
LIVE 1275.7 128195 128195 0.00 2003 36.4 1.57 140388 94208 3
LIVE 1278.3 128451 128451 0.00 2007 36.4 1.57 140388 94208 6
LIVE 1280.8 128707 128707 0.00 2011 36.4 1.57 140388 94208 6
LIVE 1283.4 128963 128963 0.00 2015 36.4 1.57 140388 94208 3
LIVE 1286.0 129219 129219 0.00 2019 36.4 1.57 140388 94208 3
LIVE 1288.5 129475 129475 0.00 2023 36.4 1.57 140388 94208 3
LIVE 1291.1 129731 129731 0.00 2027 36.4 1.57 140388 94208 3
LIVE 1293.6 129987 129987 0.00 2031 36.4 1.57 140388 94208 3
LIVE 1296.1 130243 130243 0.00 2035 36.4 1.57 140388 94208 3
LIVE 1298.7 130499 130499 0.00 2039 36.4 1.57 140388 94208 3
LIVE 1301.3 130755 130755 0.00 2043 36.4 1.57 140388 94208 3
LIVE 1303.8 131011 131011 0.00 2047 36.4 1.57 140388 94208 3
LIVE 1306.4 131266 131266 0.00 2051 36.4 1.57 140388 94208 3
LIVE 1309.0 131525 131525 0.00 2055 36.4 1.57 140388 94208 3
LIVE 1311.5 131778 131778 0.00 2059 36.4 1.57 140388 94208 3
LIVE 1314.1 132035 132035 0.00 2063 36.4 1.57 140388 94208 3
LIVE 1316.6 132292 132292 0.00 2067 36.4 1.57 140388 94208 3
LIVE 1319.2 132547 132547 0.00 2071 36.4 1.57 140388 94208 3
LIVE 1321.7 132801 132801 0.00 2075 36.4 1.57 140144 94208 3
LIVE 1324.2 133059 133059 0.00 2079 36.4 1.57 140388 94208 3
LIVE 1326.7 133315 133315 0.00 2083 36.4 1.57 140388 94208 6
LIVE 1329.3 133571 133571 0.00 2087 36.4 1.57 140388 94208 6
LIVE 1331.8 133827 133827 0.00 2091 36.4 1.57 140388 94208 3
LIVE 1334.4 134083 134083 0.00 2095 36.4 1.57 140388 94208 6
LIVE 1336.9 134339 134339 0.00 2099 36.4 1.57 140388 94208 3
LIVE 1339.5 134595 134595 0.00 2103 36.4 1.57 140388 94208 3
LIVE 1342.0 134850 134850 0.00 2107 36.4 1.57 140144 94208 3
LIVE 1344.7 134986 134986 0.00 2109 36.4 1.57 140388 94208 3
LIVE 1347.8 135043 135043 0.00 2110 36.4 1.57 140144 94208 3
LIVE 1350.2 135373 135373 0.00 2115 36.4 1.57 140144 94208 3
LIVE 1352.2 135875 135875 0.00 2123 36.5 1.57 140144 94208 3
LIVE 1355.7 136065 136065 0.00 2126 36.5 1.57 140388 94208 3
LIVE 1357.8 136397 136397 0.00 2131 36.6 1.57 140144 94208 3
LIVE 1359.9 136644 136644 0.00 2135 36.6 1.57 140388 94208 3
LIVE 1362.4 136900 136900 0.00 2139 36.6 1.57 140388 94208 3
LIVE 1365.0 137157 137157 0.00 2143 36.6 1.57 140388 94208 3
LIVE 1367.5 137411 137411 0.00 2147 36.6 1.57 140388 94208 6
LIVE 1370.1 137667 137667 0.00 2151 36.6 1.57 140388 94208 3
LIVE 1372.6 137923 137923 0.00 2155 36.6 1.57 140388 94208 6
LIVE 1375.1 138179 138179 0.00 2159 36.6 1.57 140388 94208 6
LIVE 1377.6 138435 138435 0.00 2163 36.6 1.57 140388 94208 3
LIVE 1380.2 138691 138691 0.00 2167 36.6 1.57 140388 94208 3
LIVE 1382.7 138947 138947 0.00 2171 36.6 1.57 140388 94208 6
LIVE 1385.3 139204 139204 0.00 2175 36.6 1.57 140388 94208 3
LIVE 1387.8 139459 139459 0.00 2179 36.6 1.57 140388 94208 3
LIVE 1390.4 139715 139715 0.00 2183 36.6 1.57 140144 94208 3
LIVE 1392.9 139970 139970 0.00 2187 36.6 1.57 140144 94208 3
LIVE 1395.5 140226 140226 0.00 2191 36.6 1.57 140144 94208 6
LIVE 1398.1 140484 140484 0.00 2195 36.6 1.57 140388 94208 3
LIVE 1400.6 140739 140739 0.00 2199 36.6 1.57 140388 94208 3
LIVE 1403.2 140993 140993 0.00 2203 36.6 1.57 140144 94208 3
LIVE 1405.7 141250 141250 0.00 2207 36.6 1.57 140388 94208 3
LIVE 1408.3 141507 141507 0.00 2211 36.6 1.57 140388 94208 3
LIVE 1410.8 141762 141762 0.00 2215 36.6 1.57 140144 94208 3
LIVE 1413.4 142022 142022 0.00 2219 36.6 1.57 140388 94208 3
LIVE 1415.9 142275 142275 0.00 2223 36.6 1.57 140388 94208 3
LIVE 1418.5 142533 142533 0.00 2227 36.6 1.57 140144 94208 6
LIVE 1420.7 142724 142724 0.00 2230 36.6 1.57 140388 94208 3
LIVE 1423.0 142795 142795 0.00 2231 36.6 1.57 140144 94208 6
LIVE 1425.5 143236 143236 0.00 2238 36.6 1.57 140388 94208 3
LIVE 1428.0 143491 143491 0.00 2242 36.6 1.57 140388 94208 3
LIVE 1430.8 143744 143744 0.00 2246 36.6 1.57 140388 94208 6
LIVE 1433.1 144001 144001 0.00 2250 36.6 1.57 140144 94208 3
LIVE 1435.7 144260 144260 0.00 2254 36.6 1.57 140388 94208 3
LIVE 1438.2 144515 144515 0.00 2258 36.7 1.57 140388 94208 6
LIVE 1440.9 144781 144781 0.00 2262 36.7 1.57 140388 94208 3
LIVE 1443.3 145027 145027 0.00 2266 36.7 1.57 140388 94208 6
LIVE 1445.9 145286 145286 0.00 2270 36.7 1.57 140388 94208 3
LIVE 1448.5 145539 145539 0.00 2274 36.7 1.57 140388 94208 3
LIVE 1450.5 145742 145742 0.00 2277 36.7 1.57 140388 94208 3
LIVE 1452.9 145935 145935 0.00 2280 36.7 1.57 140144 94208 6
LIVE 1455.5 146243 146243 0.00 2285 36.7 1.57 140388 94208 3
LIVE 1458.0 146499 146499 0.00 2289 36.7 1.57 140388 94208 3
LIVE 1460.6 146755 146755 0.00 2293 36.7 1.57 140388 94208 3
LIVE 1463.2 147013 147013 0.00 2297 36.7 1.57 140388 94208 3
LIVE 1465.4 147209 147209 0.00 2300 36.7 1.57 140144 94208 3
LIVE 1472.1 147400 147400 0.00 2303 36.7 1.56 140144 94208 6
LIVE 1474.2 147659 147659 0.00 2307 36.7 1.56 140144 94208 3
LIVE 1476.5 148102 148102 0.00 2314 36.8 1.57 140388 94208 3
LIVE 1478.7 148553 148553 0.00 2321 36.8 1.57 140388 94208 3
LIVE 1481.0 148803 148803 0.00 2325 36.8 1.57 140388 94208 6
LIVE 1483.6 149059 149059 0.00 2329 36.8 1.57 140388 94208 3
LIVE 1485.8 149257 149257 0.00 2332 36.8 1.57 140144 94208 3
LIVE 1488.0 149507 149507 0.00 2336 36.8 1.57 140388 94208 3
LIVE 1490.6 149763 149763 0.00 2340 36.8 1.57 140388 94208 3
LIVE 1493.1 150019 150019 0.00 2344 36.8 1.57 140388 94208 3
LIVE 1495.7 150275 150275 0.00 2348 36.8 1.57 140388 94208 3
LIVE 1498.2 150531 150531 0.00 2352 36.8 1.57 140388 94208 3
LIVE 1500.7 150787 150787 0.00 2356 36.8 1.57 140388 94208 3
LIVE 1503.3 151043 151043 0.00 2360 36.8 1.57 140388 94208 3
LIVE 1505.8 151298 151298 0.00 2364 36.8 1.57 140144 94208 3
LIVE 1508.4 151555 151555 0.00 2368 36.8 1.57 140144 94208 3
LIVE 1510.9 151812 151812 0.00 2372 36.8 1.57 140388 94208 3
LIVE 1513.5 152067 152067 0.00 2376 36.8 1.57 140144 94208 6
LIVE 1516.0 152323 152323 0.00 2380 36.8 1.57 140388 94208 6
LIVE 1518.6 152579 152579 0.00 2384 36.8 1.57 140388 94208 3
LIVE 1521.1 152835 152835 0.00 2388 36.8 1.57 140144 94208 6
LIVE 1523.7 153091 153091 0.00 2392 36.8 1.57 140388 94208 3
LIVE 1526.3 153347 153347 0.00 2396 36.8 1.57 140144 94208 3
LIVE 1528.8 153603 153603 0.00 2400 36.8 1.57 140388 94208 3
LIVE 1531.4 153863 153863 0.00 2404 36.8 1.57 140388 94208 3
LIVE 1533.9 154115 154115 0.00 2408 36.9 1.57 140388 94208 3
LIVE 1536.4 154369 154369 0.00 2412 36.9 1.57 140144 94208 3
LIVE 1539.0 154627 154627 0.00 2416 36.8 1.57 140388 94208 6
LIVE 1541.5 154883 154883 0.00 2420 36.8 1.57 140388 94208 3
LIVE 1544.1 155139 155139 0.00 2424 36.8 1.57 140144 94208 6
LIVE 1546.7 155396 155396 0.00 2428 36.8 1.57 140388 94208 3
LIVE 1549.2 155651 155651 0.00 2432 36.8 1.57 140388 94208 6
LIVE 1551.8 155907 155907 0.00 2436 36.8 1.57 140388 94208 3
LIVE 1554.3 156163 156163 0.00 2440 36.8 1.57 140388 94208 3
LIVE 1556.9 156419 156419 0.00 2444 36.8 1.57 140388 94208 3
LIVE 1559.4 156675 156675 0.00 2448 36.8 1.57 140144 94208 6
LIVE 1562.0 156931 156931 0.00 2452 36.8 1.57 140388 94208 6
LIVE 1564.5 157186 157186 0.00 2456 36.8 1.57 140388 94208 6
LIVE 1566.7 157395 157395 0.00 2459 36.8 1.57 140144 94208 3
LIVE 1569.0 157634 157634 0.00 2463 36.8 1.57 140144 94208 6
LIVE 1571.6 157891 157891 0.00 2467 36.8 1.57 140388 94208 6
LIVE 1574.1 158147 158147 0.00 2471 36.8 1.57 140388 94208 6
LIVE 1576.7 158403 158403 0.00 2475 36.8 1.57 140388 94208 6
LIVE 1579.2 158659 158659 0.00 2479 36.8 1.57 140388 94208 3
LIVE 1581.8 158916 158916 0.00 2483 36.8 1.57 140388 94208 3
LIVE 1584.3 159171 159171 0.00 2487 36.8 1.57 140388 94208 3
LIVE 1586.8 159427 159427 0.00 2491 36.8 1.57 140388 94208 6
LIVE 1589.4 159683 159683 0.00 2495 36.8 1.57 140388 94208 3
LIVE 1591.9 159939 159939 0.00 2499 36.8 1.57 140388 94208 3
LIVE 1594.5 160196 160196 0.00 2503 36.8 1.57 140388 94208 6
LIVE 1597.0 160451 160451 0.00 2507 36.8 1.57 140144 94208 3
LIVE 1599.6 160707 160707 0.00 2511 36.8 1.57 140388 94208 3
LIVE 1602.1 160963 160963 0.00 2515 36.8 1.57 140388 94208 6
LIVE 1604.7 161219 161219 0.00 2519 36.8 1.57 140388 94208 3
LIVE 1607.2 161475 161475 0.00 2523 36.8 1.57 140388 94208 3
LIVE 1609.8 161732 161732 0.00 2527 36.8 1.57 140388 94208 3
LIVE 1612.3 161987 161987 0.00 2531 36.8 1.57 140388 94208 3
LIVE 1614.9 162243 162243 0.00 2535 36.8 1.57 140388 94208 3
LIVE 1617.5 162499 162499 0.00 2539 36.8 1.57 140388 94208 3
LIVE 1620.5 162755 162755 0.00 2543 36.8 1.57 140144 94208 3
LIVE 1622.7 163010 163010 0.00 2547 36.8 1.57 140388 94208 6
LIVE 1624.9 163136 163136 0.00 2549 36.8 1.57 140144 94208 3
LIVE 1627.4 163331 163331 0.00 2552 36.8 1.57 140144 94208 6
LIVE 1629.5 163717 163717 0.00 2558 36.9 1.57 140388 94208 3
LIVE 1632.1 163971 163971 0.00 2562 36.9 1.57 140144 94208 3
LIVE 1634.2 164165 164165 0.00 2565 36.9 1.57 140144 94208 3
LIVE 1636.5 164421 164421 0.00 2569 36.9 1.57 140388 94208 3
LIVE 1639.2 164674 164674 0.00 2573 36.9 1.57 140144 94208 6
LIVE 1641.7 164871 164871 0.00 2576 36.9 1.57 140388 94208 3
LIVE 1644.1 165122 165122 0.00 2580 36.9 1.57 140144 94208 6
LIVE 1646.3 165380 165380 0.00 2584 36.9 1.57 140144 94208 6
LIVE 1648.5 165440 165440 0.00 2585 36.9 1.57 140388 94208 3
LIVE 1650.6 165837 165837 0.00 2591 36.9 1.57 140388 94208 3
LIVE 1654.8 165888 165888 0.00 2592 36.9 1.57 140144 94208 6
LIVE 1670.9 165957 165957 0.00 2593 36.9 1.55 140388 94208 3
LIVE 1673.3 166211 166211 0.00 2597 36.9 1.55 140144 94208 3
LIVE 1676.3 166465 166465 0.00 2601 36.9 1.55 140144 94208 3
LIVE 1678.9 166598 166598 0.00 2603 36.9 1.55 140388 94208 3
LIVE 1681.0 167004 167004 0.00 2609 37.0 1.55 140144 94208 6
LIVE 1683.2 167838 167838 0.00 2622 37.3 1.56 140144 94208 3
LIVE 1685.3 168522 168522 0.00 2633 37.5 1.56 140144 94208 6
LIVE 1687.7 169097 169097 0.00 2642 37.5 1.57 140144 94208 3
LIVE 1690.1 169795 169795 0.00 2653 37.7 1.57 140388 94208 3
LIVE 1692.7 170051 170051 0.00 2657 37.7 1.57 140388 94208 6
LIVE 1695.2 170307 170307 0.00 2661 37.7 1.57 140388 94208 3
LIVE 1697.8 170563 170563 0.00 2665 37.7 1.57 140388 94208 3
LIVE 1700.4 170819 170819 0.00 2669 37.7 1.57 140144 94208 3
LIVE 1702.9 171075 171075 0.00 2673 37.7 1.57 140388 94208 3
LIVE 1705.0 171282 171282 0.00 2676 37.7 1.57 140388 94208 3
LIVE 1707.4 171523 171523 0.00 2680 37.7 1.57 140388 94208 3
LIVE 1709.9 171779 171779 0.00 2684 37.7 1.57 140388 94208 6
LIVE 1712.5 172035 172035 0.00 2688 37.7 1.57 140388 94208 6
LIVE 1715.0 172291 172291 0.00 2692 37.7 1.57 140388 94208 6
LIVE 1717.6 172547 172547 0.00 2696 37.7 1.57 140388 94208 3
LIVE 1720.1 172803 172803 0.00 2700 37.7 1.57 140388 94208 6
LIVE 1722.7 173059 173059 0.00 2704 37.7 1.57 140388 94208 6
LIVE 1725.3 173315 173315 0.00 2708 37.7 1.57 140388 94208 3
LIVE 1727.8 173572 173572 0.00 2712 37.7 1.57 140388 94208 3
LIVE 1730.4 173827 173827 0.00 2716 37.7 1.57 140144 94208 3
LIVE 1732.9 174083 174083 0.00 2720 37.7 1.57 140388 94208 3
LIVE 1735.5 174339 174339 0.00 2724 37.7 1.57 140144 90112 6
LIVE 1738.0 174595 174595 0.00 2728 37.7 1.57 140388 94208 3
LIVE 1740.6 174851 174851 0.00 2732 37.7 1.57 140388 94208 3
LIVE 1743.2 175107 175107 0.00 2736 37.7 1.57 140388 94208 6
LIVE 1745.7 175363 175363 0.00 2740 37.7 1.57 140388 94208 3
LIVE 1748.3 175619 175619 0.00 2744 37.7 1.57 140388 94208 3
LIVE 1750.7 175875 175875 0.00 2748 37.7 1.57 140144 94208 6
LIVE 1753.3 176131 176131 0.00 2752 37.7 1.57 140388 94208 3
LIVE 1755.8 176387 176387 0.00 2756 37.7 1.57 140388 94208 3
LIVE 1758.4 176643 176643 0.00 2760 37.7 1.57 140388 94208 3
LIVE 1760.9 176899 176899 0.00 2764 37.7 1.57 140388 94208 3
LIVE 1763.5 177155 177155 0.00 2768 37.7 1.57 140144 94208 3
LIVE 1766.0 177411 177411 0.00 2772 37.7 1.57 140388 94208 6
LIVE 1768.6 177667 177667 0.00 2776 37.6 1.57 140388 94208 6
LIVE 1771.1 177923 177923 0.00 2780 37.6 1.57 140388 94208 3
LIVE 1773.7 178179 178179 0.00 2784 37.6 1.57 140388 94208 3
LIVE 1776.2 178435 178435 0.00 2788 37.6 1.57 140144 94208 6
LIVE 1778.8 178692 178692 0.00 2792 37.6 1.57 140144 94208 3
LIVE 1781.3 178947 178947 0.00 2796 37.6 1.57 140388 94208 3
LIVE 1783.9 179204 179204 0.00 2800 37.6 1.57 140388 94208 6
LIVE 1786.5 179459 179459 0.00 2804 37.6 1.57 140388 94208 3
LIVE 1789.0 179715 179715 0.00 2808 37.6 1.57 140388 94208 3
LIVE 1791.6 179971 179971 0.00 2812 37.6 1.57 140388 94208 3
LIVE 1794.1 180227 180227 0.00 2816 37.6 1.57 140388 94208 3
LIVE 1796.7 180485 180485 0.00 2820 37.6 1.57 140388 94208 3
LIVE 1799.2 180739 180739 0.00 2824 37.6 1.57 140388 94208 3
LIVE DONE: windows=2825 mean_lat_ms=37.611 pkts=180815 used_rows=180815 bad=0 overflow_dropped_rows=0
